     1                                  ; BetterLoop.asm
     2                                  BITS 64;
     3                                  extern printf
     4                                  section .data
     5 00000000 00CA9A3B00000000            number  dq      1000000000
     6 00000008 5468652073756D2066-         fmt     db      "The sum from 0 to %ld is %ld",10,0
     6 00000011 726F6D203020746F20-
     6 0000001A 256C6420697320256C-
     6 00000023 640A00             
     7                                  
     8                                  section .bss
     9                                  section .text
    10                                      global main
    11                                  main:
    12 00000000 55                          push    rbp
    13 00000001 4889E5                      mov     rbp, rsp
    14 00000004 488B0C25[00000000]          mov     rcx, [number]   ; initialize rcx with number
    15 0000000C B800000000                  mov     rax, 0
    16                                  bloop:
    17 00000011 4801C8                      add     rax, rcx        ; add rcx to sum
    18 00000014 E2FB                        loop    bloop           ; loop while decreasing rcx with 1   
    19                                                              ; until rcx = 0
    20 00000016 48BF-                       mov     rdi, fmt        ; rcx=0, continue here
    20 00000018 [0800000000000000] 
    21 00000020 488B3425[00000000]          mov     rsi, [number]   ; sum to be displayed
    22 00000028 4889C2                      mov     rdx, rax        
    23 0000002B B800000000                  mov     rax, 0          ; no floating point
    24 00000030 E8(00000000)                call    printf          ; display
    25 00000035 4889EC                      mov     rsp, rbp
    26 00000038 5D                          pop     rbp
    27 00000039 C3                          ret 
